#-----------------------------------------------------------
# Vivado v2021.1 (64-bit)
# SW Build 3247384 on Thu Jun 10 19:36:33 MDT 2021
# IP Build 3246043 on Fri Jun 11 00:30:35 MDT 2021
# Start of session at: Thu Feb 10 11:02:29 2022
# Process ID: 12084
# Current directory: C:/Users/kenry/OneDrive - CSULB/2021 - 2022/Spring 2022/CECS 341/Lab 2/lab_2_part_2
# Command line: vivado.exe -gui_launcher_event rodinguilauncherevent2548 C:\Users\kenry\OneDrive - CSULB\2021 - 2022\Spring 2022\CECS 341\Lab 2\lab_2_part_2\lab_2_part_2.xpr
# Log file: C:/Users/kenry/OneDrive - CSULB/2021 - 2022/Spring 2022/CECS 341/Lab 2/lab_2_part_2/vivado.log
# Journal file: C:/Users/kenry/OneDrive - CSULB/2021 - 2022/Spring 2022/CECS 341/Lab 2/lab_2_part_2\vivado.jou
#-----------------------------------------------------------
start_gui
open_project {C:/Users/kenry/OneDrive - CSULB/2021 - 2022/Spring 2022/CECS 341/Lab 2/lab_2_part_2/lab_2_part_2.xpr}
update_compile_order -fileset sources_1
launch_simulation
source adder_4bit_tb.tcl
close_sim
launch_simulation
launch_simulation
